[2026-07-03T22:05:42.446Z] GET http://localhost:8123/index.html → 200 (7ms, 38184B)
[2026-07-03T22:05:42.459Z] GET http://localhost:8123/styles-m3.css → 200 (6ms, 135520B)
[2026-07-03T22:05:42.459Z] GET https://fonts.googleapis.com/css2?family=Cinzel+Decorative:wght@700&family=Cinzel:wght@400;600;700&family=EB+Garamond:ital,wght@0,400;0,500;1,400;1,500&family=Press+Start+2P&display=swap → pending (?ms, ?B)
[2026-07-03T22:05:42.459Z] GET http://localhost:8123/js/main.js → 200 (8ms, 2702B)
[2026-07-03T22:05:43.344Z] GET https://fonts.gstatic.com/s/cinzeldecorative/v19/daaHSScvJGqLYhG8nNt8KPPswUAPniZoadlESTE.woff2 → pending (?ms, ?B)
[2026-07-03T22:05:43.345Z] GET https://fonts.gstatic.com/s/ebgaramond/v33/SlGUmQSNjdsmc35JDF1K5GR1SDk.woff2 → pending (?ms, ?B)
[2026-07-03T22:05:43.345Z] GET https://fonts.gstatic.com/s/cinzel/v26/8vIJ7ww63mVu7gt79mT7.woff2 → pending (?ms, ?B)
[2026-07-03T22:05:43.345Z] GET http://localhost:8123/js/worldMap.js → 200 (34ms, 16968B)
[2026-07-03T22:05:43.346Z] GET http://localhost:8123/js/state.js → 200 (34ms, 1917B)
[2026-07-03T22:05:43.347Z] GET http://localhost:8123/js/events.js → 200 (15ms, 1950B)
[2026-07-03T22:05:43.347Z] GET http://localhost:8123/js/movement.js → 200 (18ms, 6511B)
[2026-07-03T22:05:43.347Z] GET http://localhost:8123/js/combat.js → 200 (36ms, 26113B)
[2026-07-03T22:05:43.349Z] GET http://localhost:8123/js/ui.js → 200 (35ms, 51564B)
[2026-07-03T22:05:43.349Z] GET http://localhost:8123/js/story.js → 200 (41ms, 3588B)
[2026-07-03T22:05:43.349Z] GET http://localhost:8123/js/scrollManager.js → 200 (42ms, 1581B)
[2026-07-03T22:05:43.349Z] GET http://localhost:8123/js/panels.js → 200 (43ms, 15357B)
[2026-07-03T22:05:43.349Z] GET http://localhost:8123/js/charselect.js → 200 (48ms, 8086B)
[2026-07-03T22:05:43.350Z] GET http://localhost:8123/js/i18n.js → 200 (48ms, 34013B)
[2026-07-03T22:05:43.350Z] GET http://localhost:8123/js/keyboard.js → 200 (47ms, 2478B)
[2026-07-03T22:05:43.350Z] GET http://localhost:8123/js/sounds.js → 200 (54ms, 7224B)
[2026-07-03T22:05:43.350Z] GET http://localhost:8123/js/travelEvents.js → 200 (56ms, 32380B)
[2026-07-03T22:05:43.351Z] GET http://localhost:8123/js/localMinimap.js → 200 (54ms, 5687B)
[2026-07-03T22:05:43.351Z] GET http://localhost:8123/js/intro.js → 200 (53ms, 13950B)
[2026-07-03T22:05:43.362Z] GET http://localhost:8123/js/saveSystem.js → 200 (42ms, 2186B)
[2026-07-03T22:05:43.369Z] GET http://localhost:8123/js/bestiary.js → 200 (36ms, 7361B)
[2026-07-03T22:05:43.370Z] GET http://localhost:8123/js/items.js → 200 (43ms, 45838B)
[2026-07-03T22:05:43.370Z] GET http://localhost:8123/js/achievements.js → 200 (44ms, 6287B)
[2026-07-03T22:05:43.370Z] GET http://localhost:8123/js/biomeBosses.js → 200 (45ms, 2365B)
[2026-07-03T22:05:43.380Z] GET http://localhost:8123/js/mapgen.js → 200 (35ms, 5173B)
[2026-07-03T22:05:43.382Z] GET http://localhost:8123/js/utils.js → 200 (32ms, 2372B)
[2026-07-03T22:05:43.382Z] GET http://localhost:8123/js/stats.js → 200 (34ms, 3804B)
[2026-07-03T22:05:43.384Z] GET http://localhost:8123/js/enemies.js → 200 (33ms, 16344B)
[2026-07-03T22:05:43.385Z] GET http://localhost:8123/js/lootTables.js → 200 (43ms, 13535B)
[2026-07-03T22:05:43.385Z] GET http://localhost:8123/js/classes.js → 200 (36ms, 15474B)
[2026-07-03T22:05:43.385Z] GET http://localhost:8123/js/toast.js → 200 (43ms, 3231B)
[2026-07-03T22:05:43.385Z] GET http://localhost:8123/js/difficulty.js → 200 (44ms, 1254B)
[2026-07-03T22:05:43.385Z] GET http://localhost:8123/js/mastery.js → 200 (44ms, 2390B)
[2026-07-03T22:05:43.385Z] GET http://localhost:8123/js/specializations.js → 200 (44ms, 3017B)
[2026-07-03T22:05:43.386Z] GET http://localhost:8123/js/specModal.js → 200 (47ms, 2855B)
[2026-07-03T22:05:43.386Z] GET http://localhost:8123/js/damageTypes.js → 200 (46ms, 12980B)
[2026-07-03T22:05:43.386Z] GET http://localhost:8123/js/shop.js → 200 (47ms, 6426B)
[2026-07-03T22:05:43.386Z] GET http://localhost:8123/js/crafting.js → 200 (46ms, 7132B)
[2026-07-03T22:05:43.386Z] GET http://localhost:8123/js/inventory.js → 200 (47ms, 23236B)
[2026-07-03T22:05:43.386Z] GET http://localhost:8123/js/npcs.js → 200 (47ms, 4444B)
[2026-07-03T22:05:43.386Z] GET http://localhost:8123/js/questlog.js → 200 (50ms, 6609B)
[2026-07-03T22:05:43.386Z] GET http://localhost:8123/js/quests.js → 200 (50ms, 22583B)
[2026-07-03T22:05:43.396Z] GET http://localhost:8123/js/journal.js → 200 (40ms, 7435B)
[2026-07-03T22:05:43.397Z] GET http://localhost:8123/js/minimap.js → 200 (39ms, 3366B)
[2026-07-03T22:05:43.417Z] GET http://localhost:8123/js/biomes.js → 200 (19ms, 14864B)
[2026-07-03T22:05:43.433Z] GET http://localhost:8123/js/craftingRecipes.js → 200 (4ms, 12470B)
[2026-07-03T22:05:43.474Z] GET http://localhost:8123/img/locations/town.jpg → 200 (5ms, 546564B)
[2026-07-03T22:05:43.479Z] GET http://localhost:8123/img/intro/p1_stars.webp → 200 (16ms, ?B)
[2026-07-03T22:05:43.479Z] GET http://localhost:8123/img/intro/p1_guardian.webp → 200 (17ms, ?B)
[2026-07-03T22:05:43.479Z] GET http://localhost:8123/img/intro/p1_name.webp → 200 (17ms, ?B)
[2026-07-03T22:05:43.481Z] GET http://localhost:8123/music/forest.mp3 → 200 (15ms, ?B)
[2026-07-03T22:05:46.330Z] GET https://fonts.gstatic.com/s/ebgaramond/v33/SlGWmQSNjdsmc35JDF1K5GRweDs1Zw.woff2 → 200 (249ms, 48053B)
[2026-07-03T22:05:47.517Z] GET http://localhost:8123/img/avatar_warrior.png → 200 (5ms, ?B)
[2026-07-03T22:05:51.652Z] GET http://localhost:8123/sounds/level_up.mp3 → 206 (11ms, -241B)
[2026-07-03T22:05:51.652Z] GET http://localhost:8123/sounds/level_up.mp3 → 200 (9ms, 114520B)
[2026-07-03T22:06:09.932Z] GET http://localhost:8123/img/enemies/slime.png → 200 (6ms, 317836B)
[2026-07-03T22:06:09.938Z] GET http://localhost:8123/sounds/combat_start.mp3 → 206 (10ms, -238B)
[2026-07-03T22:06:09.940Z] GET http://localhost:8123/sounds/combat_start.mp3 → 200 (8ms, 38400B)
[2026-07-03T22:06:09.940Z] GET http://localhost:8123/sounds/attack.mp3 → 206 (36ms, -238B)
[2026-07-03T22:06:09.940Z] GET http://localhost:8123/sounds/attack.mp3 → 200 (35ms, 19968B)
[2026-07-03T22:06:09.941Z] GET http://localhost:8123/sounds/hit.mp3 → 206 (36ms, -238B)
[2026-07-03T22:06:09.941Z] GET http://localhost:8123/sounds/hit.mp3 → 200 (36ms, 42631B)
[2026-07-03T22:06:10.372Z] GET http://localhost:8123/sounds/enemy_die.mp3 → 206 (19ms, -238B)
[2026-07-03T22:06:10.374Z] GET http://localhost:8123/sounds/enemy_die.mp3 → 200 (17ms, 19968B)
[2026-07-03T22:06:10.374Z] GET http://localhost:8123/sounds/loot.mp3 → 206 (20ms, -238B)
[2026-07-03T22:06:10.374Z] GET http://localhost:8123/sounds/loot.mp3 → 200 (19ms, 42240B)
[2026-07-03T22:06:10.391Z] GET http://localhost:8123/music/town.mp3 → 200 (18ms, ?B)
[2026-07-03T22:06:29.658Z] GET http://localhost:8123/music/town.mp3 → 200 (9ms, 3544895B)
[2026-07-03T22:11:12.700Z] GET http://localhost:8123/index.html → 200 (2ms, -188B)
[2026-07-03T22:11:12.714Z] GET http://localhost:8123/styles-m3.css → 200 (7ms, ?B)
[2026-07-03T22:11:12.714Z] GET https://fonts.googleapis.com/css2?family=Cinzel+Decorative:wght@700&family=Cinzel:wght@400;600;700&family=EB+Garamond:ital,wght@0,400;0,500;1,400;1,500&family=Press+Start+2P&display=swap → 200 (1ms, -698B)
[2026-07-03T22:11:12.714Z] GET http://localhost:8123/js/main.js → 200 (4ms, -193B)
[2026-07-03T22:11:12.723Z] GET http://localhost:8123/js/worldMap.js → 200 (43ms, -194B)
[2026-07-03T22:11:12.727Z] GET http://localhost:8123/js/state.js → 200 (45ms, -193B)
[2026-07-03T22:11:12.727Z] GET http://localhost:8123/js/events.js → 200 (46ms, -193B)
[2026-07-03T22:11:12.727Z] GET http://localhost:8123/js/movement.js → 200 (59ms, -193B)
[2026-07-03T22:11:12.727Z] GET http://localhost:8123/js/combat.js → 200 (71ms, ?B)
[2026-07-03T22:11:12.727Z] GET http://localhost:8123/js/ui.js → 200 (75ms, ?B)
[2026-07-03T22:11:12.728Z] GET http://localhost:8123/js/story.js → 200 (58ms, -193B)
[2026-07-03T22:11:12.728Z] GET http://localhost:8123/js/scrollManager.js → 200 (59ms, -193B)
[2026-07-03T22:11:12.729Z] GET http://localhost:8123/js/panels.js → 200 (58ms, -194B)
[2026-07-03T22:11:12.729Z] GET http://localhost:8123/js/charselect.js → 200 (74ms, ?B)
[2026-07-03T22:11:12.729Z] GET http://localhost:8123/js/i18n.js → 200 (77ms, ?B)
[2026-07-03T22:11:12.729Z] GET http://localhost:8123/js/keyboard.js → 200 (59ms, -193B)
[2026-07-03T22:11:12.729Z] GET http://localhost:8123/js/sounds.js → 200 (66ms, -193B)
[2026-07-03T22:11:12.729Z] GET http://localhost:8123/js/travelEvents.js → 200 (67ms, -194B)
[2026-07-03T22:11:12.729Z] GET http://localhost:8123/js/localMinimap.js → 200 (66ms, -193B)
[2026-07-03T22:11:12.729Z] GET http://localhost:8123/js/intro.js → 200 (67ms, -194B)
[2026-07-03T22:11:12.749Z] GET https://fonts.gstatic.com/s/cinzel/v26/8vIJ7ww63mVu7gt79mT7.woff2 → 200 (?ms, -814B)
[2026-07-03T22:11:12.762Z] GET https://fonts.gstatic.com/s/cinzeldecorative/v19/daaHSScvJGqLYhG8nNt8KPPswUAPniZoadlESTE.woff2 → 200 (?ms, -813B)
[2026-07-03T22:11:12.764Z] GET https://fonts.gstatic.com/s/ebgaramond/v33/SlGWmQSNjdsmc35JDF1K5GRweDs1Zw.woff2 → 200 (?ms, -815B)
[2026-07-03T22:11:12.765Z] GET https://fonts.gstatic.com/s/ebgaramond/v33/SlGUmQSNjdsmc35JDF1K5GR1SDk.woff2 → 200 (?ms, -814B)
[2026-07-03T22:11:12.767Z] GET http://localhost:8123/js/mapgen.js → 200 (36ms, -193B)
[2026-07-03T22:11:12.772Z] GET http://localhost:8123/js/utils.js → 200 (31ms, -193B)
[2026-07-03T22:11:12.773Z] GET http://localhost:8123/js/stats.js → 200 (32ms, -193B)
[2026-07-03T22:11:12.777Z] GET http://localhost:8123/js/saveSystem.js → 200 (28ms, -193B)
[2026-07-03T22:11:12.787Z] GET http://localhost:8123/js/bestiary.js → 200 (31ms, -193B)
[2026-07-03T22:11:12.787Z] GET http://localhost:8123/js/items.js → 200 (32ms, -194B)
[2026-07-03T22:11:12.787Z] GET http://localhost:8123/js/achievements.js → 200 (32ms, -193B)
[2026-07-03T22:11:12.787Z] GET http://localhost:8123/js/biomeBosses.js → 200 (33ms, -193B)
[2026-07-03T22:11:12.787Z] GET http://localhost:8123/js/classes.js → 200 (39ms, -194B)
[2026-07-03T22:11:12.787Z] GET http://localhost:8123/js/journal.js → 200 (33ms, -193B)
[2026-07-03T22:11:12.788Z] GET http://localhost:8123/js/minimap.js → 200 (36ms, -193B)
[2026-07-03T22:11:12.788Z] GET http://localhost:8123/js/crafting.js → 200 (37ms, -193B)
[2026-07-03T22:11:12.788Z] GET http://localhost:8123/js/inventory.js → 200 (39ms, -194B)
[2026-07-03T22:11:12.799Z] GET http://localhost:8123/js/enemies.js → 200 (28ms, -194B)
[2026-07-03T22:11:12.799Z] GET http://localhost:8123/js/lootTables.js → 200 (26ms, -194B)
[2026-07-03T22:11:12.800Z] GET http://localhost:8123/js/toast.js → 200 (23ms, -193B)
[2026-07-03T22:11:12.800Z] GET http://localhost:8123/js/difficulty.js → 200 (21ms, -193B)
[2026-07-03T22:11:12.801Z] GET http://localhost:8123/js/mastery.js → 200 (20ms, -193B)
[2026-07-03T22:11:12.801Z] GET http://localhost:8123/js/specializations.js → 200 (25ms, -193B)
[2026-07-03T22:11:12.801Z] GET http://localhost:8123/js/specModal.js → 200 (27ms, ?B)
[2026-07-03T22:11:12.801Z] GET http://localhost:8123/js/damageTypes.js → 200 (27ms, -194B)
[2026-07-03T22:11:12.806Z] GET http://localhost:8123/js/shop.js → 200 (21ms, -193B)
[2026-07-03T22:11:12.806Z] GET http://localhost:8123/js/npcs.js → 200 (20ms, -193B)
[2026-07-03T22:11:12.806Z] GET http://localhost:8123/js/questlog.js → 200 (18ms, -193B)
[2026-07-03T22:11:12.806Z] GET http://localhost:8123/js/quests.js → 200 (22ms, -194B)
[2026-07-03T22:11:12.806Z] GET http://localhost:8123/js/biomes.js → 200 (22ms, -194B)
[2026-07-03T22:11:12.829Z] GET http://localhost:8123/js/craftingRecipes.js → 200 (4ms, -194B)
[2026-07-03T22:11:12.850Z] GET http://localhost:8123/img/locations/town.jpg → 200 (?ms, -190B)
[2026-07-03T22:11:12.855Z] GET http://localhost:8123/music/forest.mp3 → 200 (17ms, ?B)
[2026-07-03T22:11:13.123Z] GET http://localhost:8123/img/intro/p1_stars.webp → 200 (10ms, ?B)
